// Jest Snapshot v1, https://goo.gl/fbAQLP

exports[`AboutTag renders correctly 1`] = `
<AboutTitle__Container>
  <fontStyles__HeadingOne>
    This is more 
    <fontStyles__RedText>
      about 
    </fontStyles__RedText>
    me
    <fontStyles__BlueText>
      .
    </fontStyles__BlueText>
  </fontStyles__HeadingOne>
</AboutTitle__Container>
`;
